# extension -> language, one pair per line (HLR-060).
#
# This is data, not code. Associating another extension with a language, or
# pointing an extension at a different language, is an edit here and needs no
# rebuild. Blank lines and lines beginning with '#' are ignored; the
# extension may be written with or without its leading period, and is matched
# without regard to case.
#
# An extension absent from this file maps to no language, and a file carrying
# it is skipped and reported as skipped (HLR-012) — not an error.

# C. Headers map to C as well: a header carries function definitions in
# practice (static inline, and anything a single-header library ships), and
# an unmapped .h would be reported skipped on almost every C project.
.c    c
.h    c

# C++. The header extensions are the ones a C++ project actually uses; `.h` is
# deliberately absent, because it is already C's above and a header shared by
# both is far more often C. A project that knows better changes this line.
.cc    cpp
.cpp   cpp
.cxx   cpp
.hh    cpp
.hpp   cpp
.hxx   cpp

# Rust
.rs    rust

# Python. `.pyi` is a type stub — declarations and nothing else — which
# reports zero ELOC rather than being skipped, and that is the honest answer.
.py    python
.pyi   python
